public class HelloWorld {
    public void sayHello(Node.Name name) {
    }
}