public class HelloWorld {
    public void sayHello(int[] numList) {
    }
}