public class HelloWorld {
    public void sayHello(Name[] names) {
        if (i > 90) {
            System.out.println("excellent");
        }
    }
}