public class HelloWorld {
    public void sayHello(Name[] names) {
        if (i < 10)
            return;
    }
}