public class HelloWorld {

    public int sayHello(Name[] names) {
        if (counter < 10) {
            return 0;
        } else if (counter == 10)
            switch(empty) {
            }
    }
}
