public class HelloWorld {

    public void sayHello(Name[] names) {
        x = 2;
        x.y = 2;
    }
}
