public class HelloWorld {

    public void sayHello(Name[] names) {
        x = a;
        x = a.b;
        x.y = a;
        x.y = a.b;
    }
}
