public class HelloWorld {

    public void sayHello(Name[] names) {
        result = null;
    }
}
