public class HelloWorld {

    public void sayHello(Name[] names) {
        return a.b;
    }
}
