public class HelloWorld {

    public void sayHello(Name[] names) {
        x = a.b;
        y = c.d;
    }
}
