public class HelloWorld {

    public void sayHello(Name[] names) {
        while (counter < 10) {
            --sum;
        }
    }
}
