public class HelloWorld {

    public void sayHello() {
        x = a == 1 ? a.sum() : b.aggregate();
    }
}
