public class HelloWorld {

    public void sayHello() {
        x = !isTrue() ? "empty" : "empty";
    }
}
