public class HelloWorld {

    public void sayHello() {
        for (int i = 0; !false; i++) return;
    }
}
