public class HelloWorld {

    public void sayHello(Name[] names) {
        if (counter < 10) {
            sum--;
        }
    }
}
