public class HelloWorld {

    public void sayHello() {
        x = a == 1 ? a.b : c.d.e;
    }
}
