public class HelloWorld {

    public void sayHello() {
        counter = 0;
        ClusterInvoker<?> clusterInvoker = (ClusterInvoker<?>) invoker;
    }
}
