protected class HelloWorld implements Bonjour {
}
