public class HelloWorld {

    private empty counter;
}
