public class HelloWorld {

    public void sayHello() {
        int count = sum();
        int count = a.sum();
        int count = a.b;
        int count = y;
        int count = 2;
        int count = i++;
        int count = i--;
        int count = ++i;
        int count = --i;
        int count = 2 + 3;
        int count = 2 + 3;
        int count = 2 + 3;
        int count = (2);
    }
}
