public class HelloWorld {

    public AST.Node<MethodDeclaration, Integer> sayHello() {
    }
}
