package lyun;

import java.uitl.*;
import java.lang.reflect.*;

public class Hello {

    private int greeting = 2;

    public int sayHello(int[] intArray, String name) {
        sum = sum();
        sum = sum.sum(10);
        sum = score.sum;
        sum = sumResult;
        sum = 100;
        sum.count = sum;
    }
}
