public class HelloWorld {
    public void sayHello(String name) {
    }
}