public class HelloWorld {

    public void sayHello(Name[] names) {
        for (counter = 0; counter < 10; ) return;
    }
}
