public class HelloWorld {
    public void sayHello(Name[] names) {
        for (; true; ) {
            System.out.println("hello world");
        }
    }
}