public class HelloWorld {
    public int sayHello() {
        if (counter < 10) {
            return 0;
        } else if (counter == 10) {
            for (; false; ) return;
        }
    }
}
