public class HelloWorld {
    public void sayHello(Name[] names) {
        for (int counter = 0; counter < 10; counter++) {
            while (false) return;
        }
    }
}
