public class HelloWorld {

    public void sayHello(Name[] names) {
        if (i > 90) {
            System.Out.println("excellent");
        } else if (i >= 80) {
            sum = sum + i;
        } else {
        }
    }
}
