public class HelloWorld {

    public void sayHello() {
        int count = (3);
    }
}
