public class HelloWorld {

    public void sayHello() {
        x = (("empty"));
    }
}
