public class HelloWorld {

    public void sayHello(Name[] names) {
        x = "hello world";
        x.y = 2;
    }
}
