public class HelloWorld {

    public void sayHello() {
        sum(!false);
    }
}
