public class HelloWorld {

    public void sayHello(Name[] names) {
        x = sum(a.plus());
        plus().minus();
        x = a.sum().aggregate();
        x = sum().aggregate();
        x = sum();
        x = sum(a.b);
        x = sum(y);
        x = sum(i++);
        x = sum(i--);
        x = sum(++i);
        x = sum(--i);
        x = sum(12 + 13);
        x = sum(2 + 3);
        x = sum(2 + 3);
    }
}
