public class HelloWorld {

    public void sayHello() {
        clusterInvoker = (ClusterInvoker<?>) invoker.subInvoker.subSubInvoker;
        clusterInvoker = (ClusterInvoker<?>) invoker;
    }
}
