public class HelloWorld {

    public void sayHello(Name[] names) {
        for (int i = 0; i < names.length; i++) {
            notify();
            continue;
        }
    }
}
