public class HelloWorld {

    public Node<?> sayHello() {
    }
}
