public class HelloWorld {
    public int[] sayHello() {
    }
}