package org.elasticsearch.search;

import static java.lang.System.*;
public class PackageTest {

    public static void main(string[] args) {
        System.out.println("hello");
    }
}
